[32m[Nest] 37732  - [39m09/19/2026, 12:59:39 PM [32m    LOG[39m [38;5;3m[NestFactory] [39m[32mStarting Nest application...[39m
[32m[Nest] 37732  - [39m09/19/2026, 12:59:39 PM [32m    LOG[39m [38;5;3m[InstanceLoader] [39m[32mAppModule dependencies initialized[39m[38;5;3m +14ms[39m
[32m[Nest] 37732  - [39m09/19/2026, 12:59:39 PM [32m    LOG[39m [38;5;3m[InstanceLoader] [39m[32mMongooseModule dependencies initialized[39m[38;5;3m +0ms[39m
[32m[Nest] 37732  - [39m09/19/2026, 12:59:39 PM [32m    LOG[39m [38;5;3m[InstanceLoader] [39m[32mJwtModule dependencies initialized[39m[38;5;3m +0ms[39m
[32m[Nest] 37732  - [39m09/19/2026, 12:59:39 PM [32m    LOG[39m [38;5;3m[InstanceLoader] [39m[32mMongooseCoreModule dependencies initialized[39m[38;5;3m +9ms[39m
[32m[Nest] 37732  - [39m09/19/2026, 12:59:39 PM [32m    LOG[39m [38;5;3m[InstanceLoader] [39m[32mMongooseModule dependencies initialized[39m[38;5;3m +0ms[39m
[32m[Nest] 37732  - [39m09/19/2026, 12:59:39 PM [32m    LOG[39m [38;5;3m[InstanceLoader] [39m[32mMongooseModule dependencies initialized[39m[38;5;3m +0ms[39m
[32m[Nest] 37732  - [39m09/19/2026, 12:59:39 PM [32m    LOG[39m [38;5;3m[InstanceLoader] [39m[32mMongooseModule dependencies initialized[39m[38;5;3m +0ms[39m
[32m[Nest] 37732  - [39m09/19/2026, 12:59:39 PM [32m    LOG[39m [38;5;3m[InstanceLoader] [39m[32mAuthModule dependencies initialized[39m[38;5;3m +0ms[39m
[32m[Nest] 37732  - [39m09/19/2026, 12:59:39 PM [32m    LOG[39m [38;5;3m[InstanceLoader] [39m[32mProjectsModule dependencies initialized[39m[38;5;3m +0ms[39m
[32m[Nest] 37732  - [39m09/19/2026, 12:59:39 PM [32m    LOG[39m [38;5;3m[InstanceLoader] [39m[32mFoldersModule dependencies initialized[39m[38;5;3m +0ms[39m
[32m[Nest] 37732  - [39m09/19/2026, 12:59:39 PM [32m    LOG[39m [38;5;3m[RoutesResolver] [39m[32mAuthController {/api/v1/auth}:[39m[38;5;3m +2ms[39m
[32m[Nest] 37732  - [39m09/19/2026, 12:59:39 PM [32m    LOG[39m [38;5;3m[RouterExplorer] [39m[32mMapped {/api/v1/auth/register, POST} route[39m[38;5;3m +1ms[39m
[32m[Nest] 37732  - [39m09/19/2026, 12:59:39 PM [32m    LOG[39m [38;5;3m[RouterExplorer] [39m[32mMapped {/api/v1/auth/login, POST} route[39m[38;5;3m +0ms[39m
[32m[Nest] 37732  - [39m09/19/2026, 12:59:39 PM [32m    LOG[39m [38;5;3m[RouterExplorer] [39m[32mMapped {/api/v1/auth/me, GET} route[39m[38;5;3m +1ms[39m
[32m[Nest] 37732  - [39m09/19/2026, 12:59:39 PM [32m    LOG[39m [38;5;3m[RoutesResolver] [39m[32mProjectsController {/api/v1/projects}:[39m[38;5;3m +0ms[39m
[32m[Nest] 37732  - [39m09/19/2026, 12:59:39 PM [32m    LOG[39m [38;5;3m[RouterExplorer] [39m[32mMapped {/api/v1/projects, GET} route[39m[38;5;3m +0ms[39m
[32m[Nest] 37732  - [39m09/19/2026, 12:59:39 PM [32m    LOG[39m [38;5;3m[RouterExplorer] [39m[32mMapped {/api/v1/projects, POST} route[39m[38;5;3m +0ms[39m
[32m[Nest] 37732  - [39m09/19/2026, 12:59:39 PM [32m    LOG[39m [38;5;3m[RouterExplorer] [39m[32mMapped {/api/v1/projects/meta, PATCH} route[39m[38;5;3m +0ms[39m
[32m[Nest] 37732  - [39m09/19/2026, 12:59:39 PM [32m    LOG[39m [38;5;3m[RouterExplorer] [39m[32mMapped {/api/v1/projects/by-client/:clientId, GET} route[39m[38;5;3m +0ms[39m
[32m[Nest] 37732  - [39m09/19/2026, 12:59:39 PM [32m    LOG[39m [38;5;3m[RouterExplorer] [39m[32mMapped {/api/v1/projects/by-client/:clientId, DELETE} route[39m[38;5;3m +1ms[39m
[32m[Nest] 37732  - [39m09/19/2026, 12:59:39 PM [32m    LOG[39m [38;5;3m[RouterExplorer] [39m[32mMapped {/api/v1/projects/:id, GET} route[39m[38;5;3m +0ms[39m
[32m[Nest] 37732  - [39m09/19/2026, 12:59:39 PM [32m    LOG[39m [38;5;3m[RouterExplorer] [39m[32mMapped {/api/v1/projects/:id, DELETE} route[39m[38;5;3m +0ms[39m
[32m[Nest] 37732  - [39m09/19/2026, 12:59:39 PM [32m    LOG[39m [38;5;3m[RouterExplorer] [39m[32mMapped {/api/v1/projects/:id/publish, PATCH} route[39m[38;5;3m +0ms[39m
[32m[Nest] 37732  - [39m09/19/2026, 12:59:39 PM [32m    LOG[39m [38;5;3m[RoutesResolver] [39m[32mMarketplaceController {/api/v1/marketplace}:[39m[38;5;3m +0ms[39m
[32m[Nest] 37732  - [39m09/19/2026, 12:59:39 PM [32m    LOG[39m [38;5;3m[RouterExplorer] [39m[32mMapped {/api/v1/marketplace, GET} route[39m[38;5;3m +0ms[39m
[32m[Nest] 37732  - [39m09/19/2026, 12:59:39 PM [32m    LOG[39m [38;5;3m[RouterExplorer] [39m[32mMapped {/api/v1/marketplace/:id, GET} route[39m[38;5;3m +0ms[39m
[32m[Nest] 37732  - [39m09/19/2026, 12:59:39 PM [32m    LOG[39m [38;5;3m[RoutesResolver] [39m[32mFoldersController {/api/v1/folders}:[39m[38;5;3m +0ms[39m
[32m[Nest] 37732  - [39m09/19/2026, 12:59:39 PM [32m    LOG[39m [38;5;3m[RouterExplorer] [39m[32mMapped {/api/v1/folders, GET} route[39m[38;5;3m +0ms[39m
[32m[Nest] 37732  - [39m09/19/2026, 12:59:39 PM [32m    LOG[39m [38;5;3m[RouterExplorer] [39m[32mMapped {/api/v1/folders, POST} route[39m[38;5;3m +0ms[39m
[32m[Nest] 37732  - [39m09/19/2026, 12:59:39 PM [32m    LOG[39m [38;5;3m[RouterExplorer] [39m[32mMapped {/api/v1/folders/:clientId, DELETE} route[39m[38;5;3m +0ms[39m
[32m[Nest] 37732  - [39m09/19/2026, 12:59:39 PM [32m    LOG[39m [38;5;3m[NestApplication] [39m[32mNest application successfully started[39m[38;5;3m +1ms[39m
[31m[Nest] 37732  - [39m09/19/2026, 12:59:39 PM [31m  ERROR[39m [38;5;3m[NestApplication] [39m[31mError: listen EADDRINUSE: address already in use :::4000[39m[38;5;3m +1ms[39m
node:net:2009
    const ex = new UVExceptionWithHostPort(err, 'listen', address, port);
               ^

Error: listen EADDRINUSE: address already in use :::4000
    at Server.setupListenHandle [as _listen2] (node:net:2009:16)
    at listenInCluster (node:net:2066:12)
    at Server.listen (node:net:2171:7)
    at ExpressAdapter.listen (D:\Project\Game\PixelForgeStudio\server\node_modules\@nestjs\platform-express\adapters\express-adapter.js:115:32)
    at D:\Project\Game\PixelForgeStudio\server\node_modules\@nestjs\core\nest-application.js:191:30
    at new Promise (<anonymous>)
    at NestApplication.listen (D:\Project\Game\PixelForgeStudio\server\node_modules\@nestjs\core\nest-application.js:181:16)
    at process.processTicksAndRejections (node:internal/process/task_queues:104:5)
    at async bootstrap (D:\Project\Game\PixelForgeStudio\server\dist\main.js:11:5) {
  code: 'EADDRINUSE',
  errno: -4091,
  syscall: 'listen',
  address: '::',
  port: 4000
}

Node.js v24.18.0
